MPLINK 4.38, Linker
Linker Map File - Created Mon Dec 22 11:00:54 2014

                                 Section Info
                  Section       Type    Address   Location Size(Bytes)
                ---------  ---------  ---------  ---------  ---------
               _entry_scn       code   0x000000    program   0x000006
           .code___init.o       code   0x000006    program   0x000002
              high_vector       code   0x000008    program   0x000232
                   .cinit    romdata   0x00023a    program   0x00001a
   .code_PriorityLinked.o       code   0x000254    program   0x0003ac
      .code_PeemptiveOS.o       code   0x000600    program   0x000310
     .code_sevenSegment.o       code   0x000910    program   0x000224
           .code_LEDFSM.o       code   0x000b34    program   0x000208
               _cinit_scn       code   0x000d3c    program   0x00009e
           .code_Blinky.o       code   0x000dda    program   0x000056
             .code_main.o       code   0x000e30    program   0x000052
            .code_uread.o       code   0x000e82    program   0x00003e
         .code_spi_writ.o       code   0x000ec0    program   0x00003c
           .code_t0open.o       code   0x000efc    program   0x000038
           .code_uwrite.o       code   0x000f34    program   0x00002e
         .code_Loopback.o       code   0x000f62    program   0x00002c
            .code_Clock.o       code   0x000f8e    program   0x00002c
                    .code       code   0x000fba    program   0x000020
             _startup_scn       code   0x000fda    program   0x00001c
         .romdata_uread.o    romdata   0x000ff6    program   0x000000
         .idata_uread.o_i    romdata   0x000ff6    program   0x000000
        .romdata_t0open.o    romdata   0x000ff6    program   0x000000
        .idata_t0open.o_i    romdata   0x000ff6    program   0x000000
         .idata_udefs.o_i    romdata   0x000ff6    program   0x000000
         .romdata_Clock.o    romdata   0x000ff6    program   0x000000
         .romdata_udefs.o    romdata   0x000ff6    program   0x000000
.romdata_PriorityLinked.o    romdata   0x000ff6    program   0x000000
      .idata_spi_writ.o_i    romdata   0x000ff6    program   0x000000
      .romdata_Loopback.o    romdata   0x000ff6    program   0x000000
   .romdata_PeemptiveOS.o    romdata   0x000ff6    program   0x000000
      .romdata_spi_writ.o    romdata   0x000ff6    program   0x000000
        .romdata_Blinky.o    romdata   0x000ff6    program   0x000000
         .romdata_c018i.o    romdata   0x000ff6    program   0x000000
        .romdata_LEDFSM.o    romdata   0x000ff6    program   0x000000
        .idata_uwrite.o_i    romdata   0x000ff6    program   0x000000
          .romdata_main.o    romdata   0x000ff6    program   0x000000
  .romdata_sevenSegment.o    romdata   0x000ff6    program   0x000000
  .idata_sevenSegment.o_i    romdata   0x000ff6    program   0x000011
        .romdata_uwrite.o    romdata   0x000ff6    program   0x000000
        .romdata___init.o    romdata   0x000ff6    program   0x000000
        .idata___init.o_i    romdata   0x001007    program   0x000000
         .idata_c018i.o_i    romdata   0x001007    program   0x000000
         .idata_Clock.o_i    romdata   0x001007    program   0x000008
.idata_PriorityLinked.o_i    romdata   0x001007    program   0x000000
   .idata_PeemptiveOS.o_i    romdata   0x001007    program   0x000000
        .idata_LEDFSM.o_i    romdata   0x001007    program   0x000000
          .idata_main.o_i    romdata   0x001007    program   0x000000
      .idata_Loopback.o_i    romdata   0x001007    program   0x000000
        .idata_Blinky.o_i    romdata   0x00100f    program   0x000000
            .code_c018i.o       code   0x001010    program   0x000000
            .code_udefs.o       code   0x001010    program   0x000000
    .config_300001_main.o    romdata   0x300001    program   0x000001
    .config_300002_main.o    romdata   0x300002    program   0x000001
    .config_300003_main.o    romdata   0x300003    program   0x000001
    .config_300006_main.o    romdata   0x300006    program   0x000001
                MATH_DATA      udata   0x000000       data   0x00000b
                 .tmpdata      udata   0x00000b       data   0x000008
            timer0isr_tmp      udata   0x000013       data   0x000004
                  BIGDATA      udata   0x000200       data   0x000190
     .udata_PeemptiveOS.o      udata   0x000390       data   0x000024
    .idata_sevenSegment.o      idata   0x0003b4       data   0x000011
           .udata_c018i.o      udata   0x0003c5       data   0x00000a
           .idata_Clock.o      idata   0x0003cf       data   0x000008
           .udata_Clock.o      udata   0x0003d7       data   0x000006
           .udata_udefs.o      udata   0x0003dd       data   0x000001
        .udata_spi_writ.o      udata   0x0003de       data   0x000000
        .idata_spi_writ.o      idata   0x0003de       data   0x000000
           .idata_udefs.o      idata   0x0003de       data   0x000000
           .idata_uread.o      idata   0x0003de       data   0x000000
           .udata_uread.o      udata   0x0003de       data   0x000000
          .udata_uwrite.o      udata   0x0003de       data   0x000000
          .idata_t0open.o      idata   0x0003de       data   0x000000
          .idata_uwrite.o      idata   0x0003de       data   0x000000
          .udata_t0open.o      udata   0x0003de       data   0x000000
          .udata___init.o      udata   0x0003de       data   0x000000
          .idata___init.o      idata   0x0003de       data   0x000000
  .idata_PriorityLinked.o      idata   0x0003de       data   0x000000
  .udata_PriorityLinked.o      udata   0x0003de       data   0x000000
     .idata_PeemptiveOS.o      idata   0x0003de       data   0x000000
          .idata_Blinky.o      idata   0x0003de       data   0x000000
          .udata_Blinky.o      udata   0x0003de       data   0x000000
          .idata_LEDFSM.o      idata   0x0003de       data   0x000000
          .udata_LEDFSM.o      udata   0x0003de       data   0x000000
    .udata_sevenSegment.o      udata   0x0003de       data   0x000000
            .idata_main.o      idata   0x0003de       data   0x000000
            .udata_main.o      udata   0x0003de       data   0x000000
        .idata_Loopback.o      idata   0x0003de       data   0x000000
        .udata_Loopback.o      udata   0x0003de       data   0x000000
           .idata_c018i.o      idata   0x0003de       data   0x000000
                   .stack      udata   0x000500       data   0x000100
            SFR_UNBANKED0      udata   0x000f80       data   0x000080



                              Program Memory Usage 
                               Start         End      
                           ---------   ---------      
                            0x000000    0x00100e      
                            0x300001    0x300003      
                            0x300006    0x300006      
            4115 out of 33048 program addresses used, program memory utilization is 12%



                              Symbols - Sorted by Name
                     Name    Address   Location    Storage File                     
                ---------  ---------  ---------  --------- ---------                
                   LEDFSM   0x000b6c    program     extern C:\Documents and Settings\D300-01\Desktop\RTOS\Project\PcControl\src\PIC18\LEDFSM.c
                  LEDInit   0x000b34    program     extern C:\Documents and Settings\D300-01\Desktop\RTOS\Project\PcControl\src\PIC18\LEDFSM.c
               OpenTimer0   0x000efc    program     extern C:\Program Files\Microchip\mplabc18\v3.37\src\pmc_common\Timers\t0open.c
                ReadUSART   0x000e82    program     extern C:\Program Files\Microchip\mplabc18\v3.37\src\pmc_common\USART\uread.c
                 WriteSPI   0x000ec0    program     extern C:\Program Files\Microchip\mplabc18\v3.37\src\pmc_common\SPI\spi_writ.c
               WriteUSART   0x000f34    program     extern C:\Program Files\Microchip\mplabc18\v3.37\src\pmc_common\USART\uwrite.c
       ___return_lbl00000   0x000004    program     static                          
       ___return_lbl00001   0x000ff4    program     static                          
       ___return_lbl00002   0x00000c    program     static                          
       ___return_lbl00002   0x000dd8    program     static                          
       ___return_lbl00003   0x0001d6    program     static                          
               __config_0   0x300001    program     static C:\Documents and Settings\D300-01\Desktop\RTOS\Project\PcControl\src\PIC18\main.c
               __config_1   0x300002    program     static C:\Documents and Settings\D300-01\Desktop\RTOS\Project\PcControl\src\PIC18\main.c
               __config_2   0x300003    program     static C:\Documents and Settings\D300-01\Desktop\RTOS\Project\PcControl\src\PIC18\main.c
               __config_3   0x300006    program     static C:\Documents and Settings\D300-01\Desktop\RTOS\Project\PcControl\src\PIC18\main.c
                   __init   0x000006    program     extern C:\Program Files\Microchip\mplabc18\v3.37\src\traditional\stdclib\__init.c
            __zero_memory   0x000fba    program     extern C:\Program Files\Microchip\mplabc18\v3.37\src\traditional\proc\p18F4520.asm
                _do_cinit   0x000d3c    program     extern C:\Program Files\Microchip\mplabc18\v3.37\src\traditional\startup\c018i.c
                   _entry   0x000000    program     extern C:\Program Files\Microchip\mplabc18\v3.37\src\traditional\startup\c018i.c
                 _startup   0x000fda    program     extern C:\Program Files\Microchip\mplabc18\v3.37\src\traditional\startup\c018i.c
    addPriorityLinkedList   0x000394    program     extern C:\Documents and Settings\D300-01\Desktop\RTOS\Project\PcControl\src\PIC18\PriorityLinked.c
  clearTimer0OverflowFlag   0x000236    program     extern C:\Documents and Settings\D300-01\Desktop\RTOS\Project\PcControl\src\PIC18\Clock.c
                 closeSPI   0x000932    program     extern C:\Documents and Settings\D300-01\Desktop\RTOS\Project\PcControl\src\PIC18\sevenSegment.c
          comparePriority   0x000254    program     extern C:\Documents and Settings\D300-01\Desktop\RTOS\Project\PcControl\src\PIC18\PriorityLinked.c
                compare_l   0x000fd0    program     static C:\Program Files\Microchip\mplabc18\v3.37\src\traditional\proc\p18F4520.asm
             configureLED   0x000e24    program     extern C:\Documents and Settings\D300-01\Desktop\RTOS\Project\PcControl\src\PIC18\Blinky.c
                copy_loop   0x000dae    program     static                          
            copy_one_byte   0x000db4    program     static                          
               createTask   0x000600    program     extern C:\Documents and Settings\D300-01\Desktop\RTOS\Project\PcControl\src\PIC18\PeemptiveOS.c
                    delay   0x000dda    program     extern C:\Documents and Settings\D300-01\Desktop\RTOS\Project\PcControl\src\PIC18\Blinky.c
                     done   0x000dd8    program     static                          
             done_copying   0x000dc2    program     static                          
                 getClock   0x000fa8    program     extern C:\Documents and Settings\D300-01\Desktop\RTOS\Project\PcControl\src\PIC18\Clock.c
          highPriorityIsr   0x000008    program     extern C:\Documents and Settings\D300-01\Desktop\RTOS\Project\PcControl\src\PIC18\Clock.c
                initClock   0x000f8e    program     extern C:\Documents and Settings\D300-01\Desktop\RTOS\Project\PcControl\src\PIC18\Clock.c
initPreemptiveMultitasking   0x00081a    program     extern C:\Documents and Settings\D300-01\Desktop\RTOS\Project\PcControl\src\PIC18\PeemptiveOS.c
       isTimer0Overflowed   0x00022c    program     extern C:\Documents and Settings\D300-01\Desktop\RTOS\Project\PcControl\src\PIC18\Clock.c
                     loop   0x000fea    program     static                          
                   loop_h   0x000fc8    program     static C:\Program Files\Microchip\mplabc18\v3.37\src\traditional\proc\p18F4520.asm
                   loop_l   0x000fd2    program     static C:\Program Files\Microchip\mplabc18\v3.37\src\traditional\proc\p18F4520.asm
                     main   0x000e30    program     extern C:\Documents and Settings\D300-01\Desktop\RTOS\Project\PcControl\src\PIC18\main.c
                   offLED   0x000e2c    program     extern C:\Documents and Settings\D300-01\Desktop\RTOS\Project\PcControl\src\PIC18\Blinky.c
                    onLED   0x000e28    program     extern C:\Documents and Settings\D300-01\Desktop\RTOS\Project\PcControl\src\PIC18\Blinky.c
removeFromHeadPriorityLinkedList   0x0002f6    program     extern C:\Documents and Settings\D300-01\Desktop\RTOS\Project\PcControl\src\PIC18\PriorityLinked.c
          sevenSegmentFSM   0x000936    program     extern C:\Documents and Settings\D300-01\Desktop\RTOS\Project\PcControl\src\PIC18\sevenSegment.c
                 startSPI   0x000910    program     extern C:\Documents and Settings\D300-01\Desktop\RTOS\Project\PcControl\src\PIC18\sevenSegment.c
                  taskOne   0x000874    program     extern C:\Documents and Settings\D300-01\Desktop\RTOS\Project\PcControl\src\PIC18\PeemptiveOS.c
                  taskTwo   0x0008c2    program     extern C:\Documents and Settings\D300-01\Desktop\RTOS\Project\PcControl\src\PIC18\PeemptiveOS.c
                     test   0x000d56    program     static                          
                timer0isr   0x00000e    program     extern C:\Documents and Settings\D300-01\Desktop\RTOS\Project\PcControl\src\PIC18\Clock.c
            usartLoopback   0x000f62    program     extern C:\Documents and Settings\D300-01\Desktop\RTOS\Project\PcControl\src\PIC18\Loopback.c
               zero_block   0x000fc8    program     static C:\Program Files\Microchip\mplabc18\v3.37\src\traditional\proc\p18F4520.asm
                   ADCON0   0x000fc2       data     extern C:\Program Files\Microchip\mplabc18\v3.37\src\traditional\proc\p18F4520.asm
               ADCON0bits   0x000fc2       data     extern C:\Program Files\Microchip\mplabc18\v3.37\src\traditional\proc\p18F4520.asm
                   ADCON1   0x000fc1       data     extern C:\Program Files\Microchip\mplabc18\v3.37\src\traditional\proc\p18F4520.asm
               ADCON1bits   0x000fc1       data     extern C:\Program Files\Microchip\mplabc18\v3.37\src\traditional\proc\p18F4520.asm
                   ADCON2   0x000fc0       data     extern C:\Program Files\Microchip\mplabc18\v3.37\src\traditional\proc\p18F4520.asm
               ADCON2bits   0x000fc0       data     extern C:\Program Files\Microchip\mplabc18\v3.37\src\traditional\proc\p18F4520.asm
                    ADRES   0x000fc3       data     extern C:\Program Files\Microchip\mplabc18\v3.37\src\traditional\proc\p18F4520.asm
                   ADRESH   0x000fc4       data     extern C:\Program Files\Microchip\mplabc18\v3.37\src\traditional\proc\p18F4520.asm
                   ADRESL   0x000fc3       data     extern C:\Program Files\Microchip\mplabc18\v3.37\src\traditional\proc\p18F4520.asm
                  BAUDCON   0x000fb8       data     extern C:\Program Files\Microchip\mplabc18\v3.37\src\traditional\proc\p18F4520.asm
              BAUDCONbits   0x000fb8       data     extern C:\Program Files\Microchip\mplabc18\v3.37\src\traditional\proc\p18F4520.asm
                  BAUDCTL   0x000fb8       data     extern C:\Program Files\Microchip\mplabc18\v3.37\src\traditional\proc\p18F4520.asm
              BAUDCTLbits   0x000fb8       data     extern C:\Program Files\Microchip\mplabc18\v3.37\src\traditional\proc\p18F4520.asm
                      BSR   0x000fe0       data     extern C:\Program Files\Microchip\mplabc18\v3.37\src\traditional\proc\p18F4520.asm
                  CCP1CON   0x000fbd       data     extern C:\Program Files\Microchip\mplabc18\v3.37\src\traditional\proc\p18F4520.asm
              CCP1CONbits   0x000fbd       data     extern C:\Program Files\Microchip\mplabc18\v3.37\src\traditional\proc\p18F4520.asm
                  CCP2CON   0x000fba       data     extern C:\Program Files\Microchip\mplabc18\v3.37\src\traditional\proc\p18F4520.asm
              CCP2CONbits   0x000fba       data     extern C:\Program Files\Microchip\mplabc18\v3.37\src\traditional\proc\p18F4520.asm
                    CCPR1   0x000fbe       data     extern C:\Program Files\Microchip\mplabc18\v3.37\src\traditional\proc\p18F4520.asm
                   CCPR1H   0x000fbf       data     extern C:\Program Files\Microchip\mplabc18\v3.37\src\traditional\proc\p18F4520.asm
                   CCPR1L   0x000fbe       data     extern C:\Program Files\Microchip\mplabc18\v3.37\src\traditional\proc\p18F4520.asm
                    CCPR2   0x000fbb       data     extern C:\Program Files\Microchip\mplabc18\v3.37\src\traditional\proc\p18F4520.asm
                   CCPR2H   0x000fbc       data     extern C:\Program Files\Microchip\mplabc18\v3.37\src\traditional\proc\p18F4520.asm
                   CCPR2L   0x000fbb       data     extern C:\Program Files\Microchip\mplabc18\v3.37\src\traditional\proc\p18F4520.asm
                    CMCON   0x000fb4       data     extern C:\Program Files\Microchip\mplabc18\v3.37\src\traditional\proc\p18F4520.asm
                CMCONbits   0x000fb4       data     extern C:\Program Files\Microchip\mplabc18\v3.37\src\traditional\proc\p18F4520.asm
                   CVRCON   0x000fb5       data     extern C:\Program Files\Microchip\mplabc18\v3.37\src\traditional\proc\p18F4520.asm
               CVRCONbits   0x000fb5       data     extern C:\Program Files\Microchip\mplabc18\v3.37\src\traditional\proc\p18F4520.asm
                     DDRA   0x000f92       data     extern C:\Program Files\Microchip\mplabc18\v3.37\src\traditional\proc\p18F4520.asm
                 DDRAbits   0x000f92       data     extern C:\Program Files\Microchip\mplabc18\v3.37\src\traditional\proc\p18F4520.asm
                     DDRB   0x000f93       data     extern C:\Program Files\Microchip\mplabc18\v3.37\src\traditional\proc\p18F4520.asm
                 DDRBbits   0x000f93       data     extern C:\Program Files\Microchip\mplabc18\v3.37\src\traditional\proc\p18F4520.asm
                     DDRC   0x000f94       data     extern C:\Program Files\Microchip\mplabc18\v3.37\src\traditional\proc\p18F4520.asm
                 DDRCbits   0x000f94       data     extern C:\Program Files\Microchip\mplabc18\v3.37\src\traditional\proc\p18F4520.asm
                     DDRD   0x000f95       data     extern C:\Program Files\Microchip\mplabc18\v3.37\src\traditional\proc\p18F4520.asm
                 DDRDbits   0x000f95       data     extern C:\Program Files\Microchip\mplabc18\v3.37\src\traditional\proc\p18F4520.asm
                     DDRE   0x000f96       data     extern C:\Program Files\Microchip\mplabc18\v3.37\src\traditional\proc\p18F4520.asm
                 DDREbits   0x000f96       data     extern C:\Program Files\Microchip\mplabc18\v3.37\src\traditional\proc\p18F4520.asm
                  ECCP1AS   0x000fb6       data     extern C:\Program Files\Microchip\mplabc18\v3.37\src\traditional\proc\p18F4520.asm
              ECCP1ASbits   0x000fb6       data     extern C:\Program Files\Microchip\mplabc18\v3.37\src\traditional\proc\p18F4520.asm
                 ECCP1DEL   0x000fb7       data     extern C:\Program Files\Microchip\mplabc18\v3.37\src\traditional\proc\p18F4520.asm
             ECCP1DELbits   0x000fb7       data     extern C:\Program Files\Microchip\mplabc18\v3.37\src\traditional\proc\p18F4520.asm
                   ECCPAS   0x000fb6       data     extern C:\Program Files\Microchip\mplabc18\v3.37\src\traditional\proc\p18F4520.asm
               ECCPASbits   0x000fb6       data     extern C:\Program Files\Microchip\mplabc18\v3.37\src\traditional\proc\p18F4520.asm
                    EEADR   0x000fa9       data     extern C:\Program Files\Microchip\mplabc18\v3.37\src\traditional\proc\p18F4520.asm
                   EECON1   0x000fa6       data     extern C:\Program Files\Microchip\mplabc18\v3.37\src\traditional\proc\p18F4520.asm
               EECON1bits   0x000fa6       data     extern C:\Program Files\Microchip\mplabc18\v3.37\src\traditional\proc\p18F4520.asm
                   EECON2   0x000fa7       data     extern C:\Program Files\Microchip\mplabc18\v3.37\src\traditional\proc\p18F4520.asm
                   EEDATA   0x000fa8       data     extern C:\Program Files\Microchip\mplabc18\v3.37\src\traditional\proc\p18F4520.asm
                     FSR0   0x000fe9       data     extern C:\Program Files\Microchip\mplabc18\v3.37\src\traditional\proc\p18F4520.asm
                    FSR0H   0x000fea       data     extern C:\Program Files\Microchip\mplabc18\v3.37\src\traditional\proc\p18F4520.asm
                    FSR0L   0x000fe9       data     extern C:\Program Files\Microchip\mplabc18\v3.37\src\traditional\proc\p18F4520.asm
                     FSR1   0x000fe1       data     extern C:\Program Files\Microchip\mplabc18\v3.37\src\traditional\proc\p18F4520.asm
                    FSR1H   0x000fe2       data     extern C:\Program Files\Microchip\mplabc18\v3.37\src\traditional\proc\p18F4520.asm
                    FSR1L   0x000fe1       data     extern C:\Program Files\Microchip\mplabc18\v3.37\src\traditional\proc\p18F4520.asm
                     FSR2   0x000fd9       data     extern C:\Program Files\Microchip\mplabc18\v3.37\src\traditional\proc\p18F4520.asm
                    FSR2H   0x000fda       data     extern C:\Program Files\Microchip\mplabc18\v3.37\src\traditional\proc\p18F4520.asm
                    FSR2L   0x000fd9       data     extern C:\Program Files\Microchip\mplabc18\v3.37\src\traditional\proc\p18F4520.asm
                  HLVDCON   0x000fd2       data     extern C:\Program Files\Microchip\mplabc18\v3.37\src\traditional\proc\p18F4520.asm
              HLVDCONbits   0x000fd2       data     extern C:\Program Files\Microchip\mplabc18\v3.37\src\traditional\proc\p18F4520.asm
                    INDF0   0x000fef       data     extern C:\Program Files\Microchip\mplabc18\v3.37\src\traditional\proc\p18F4520.asm
                    INDF1   0x000fe7       data     extern C:\Program Files\Microchip\mplabc18\v3.37\src\traditional\proc\p18F4520.asm
                    INDF2   0x000fdf       data     extern C:\Program Files\Microchip\mplabc18\v3.37\src\traditional\proc\p18F4520.asm
                   INTCON   0x000ff2       data     extern C:\Program Files\Microchip\mplabc18\v3.37\src\traditional\proc\p18F4520.asm
                  INTCON2   0x000ff1       data     extern C:\Program Files\Microchip\mplabc18\v3.37\src\traditional\proc\p18F4520.asm
              INTCON2bits   0x000ff1       data     extern C:\Program Files\Microchip\mplabc18\v3.37\src\traditional\proc\p18F4520.asm
                  INTCON3   0x000ff0       data     extern C:\Program Files\Microchip\mplabc18\v3.37\src\traditional\proc\p18F4520.asm
              INTCON3bits   0x000ff0       data     extern C:\Program Files\Microchip\mplabc18\v3.37\src\traditional\proc\p18F4520.asm
               INTCONbits   0x000ff2       data     extern C:\Program Files\Microchip\mplabc18\v3.37\src\traditional\proc\p18F4520.asm
                     IPR1   0x000f9f       data     extern C:\Program Files\Microchip\mplabc18\v3.37\src\traditional\proc\p18F4520.asm
                 IPR1bits   0x000f9f       data     extern C:\Program Files\Microchip\mplabc18\v3.37\src\traditional\proc\p18F4520.asm
                     IPR2   0x000fa2       data     extern C:\Program Files\Microchip\mplabc18\v3.37\src\traditional\proc\p18F4520.asm
                 IPR2bits   0x000fa2       data     extern C:\Program Files\Microchip\mplabc18\v3.37\src\traditional\proc\p18F4520.asm
                     LATA   0x000f89       data     extern C:\Program Files\Microchip\mplabc18\v3.37\src\traditional\proc\p18F4520.asm
                 LATAbits   0x000f89       data     extern C:\Program Files\Microchip\mplabc18\v3.37\src\traditional\proc\p18F4520.asm
                     LATB   0x000f8a       data     extern C:\Program Files\Microchip\mplabc18\v3.37\src\traditional\proc\p18F4520.asm
                 LATBbits   0x000f8a       data     extern C:\Program Files\Microchip\mplabc18\v3.37\src\traditional\proc\p18F4520.asm
                     LATC   0x000f8b       data     extern C:\Program Files\Microchip\mplabc18\v3.37\src\traditional\proc\p18F4520.asm
                 LATCbits   0x000f8b       data     extern C:\Program Files\Microchip\mplabc18\v3.37\src\traditional\proc\p18F4520.asm
                     LATD   0x000f8c       data     extern C:\Program Files\Microchip\mplabc18\v3.37\src\traditional\proc\p18F4520.asm
                 LATDbits   0x000f8c       data     extern C:\Program Files\Microchip\mplabc18\v3.37\src\traditional\proc\p18F4520.asm
                     LATE   0x000f8d       data     extern C:\Program Files\Microchip\mplabc18\v3.37\src\traditional\proc\p18F4520.asm
                 LATEbits   0x000f8d       data     extern C:\Program Files\Microchip\mplabc18\v3.37\src\traditional\proc\p18F4520.asm
                   LVDCON   0x000fd2       data     extern C:\Program Files\Microchip\mplabc18\v3.37\src\traditional\proc\p18F4520.asm
               LVDCONbits   0x000fd2       data     extern C:\Program Files\Microchip\mplabc18\v3.37\src\traditional\proc\p18F4520.asm
                   OSCCON   0x000fd3       data     extern C:\Program Files\Microchip\mplabc18\v3.37\src\traditional\proc\p18F4520.asm
               OSCCONbits   0x000fd3       data     extern C:\Program Files\Microchip\mplabc18\v3.37\src\traditional\proc\p18F4520.asm
                  OSCTUNE   0x000f9b       data     extern C:\Program Files\Microchip\mplabc18\v3.37\src\traditional\proc\p18F4520.asm
              OSCTUNEbits   0x000f9b       data     extern C:\Program Files\Microchip\mplabc18\v3.37\src\traditional\proc\p18F4520.asm
                       PC   0x000ff9       data     extern C:\Program Files\Microchip\mplabc18\v3.37\src\traditional\proc\p18F4520.asm
                      PCL   0x000ff9       data     extern C:\Program Files\Microchip\mplabc18\v3.37\src\traditional\proc\p18F4520.asm
                   PCLATH   0x000ffa       data     extern C:\Program Files\Microchip\mplabc18\v3.37\src\traditional\proc\p18F4520.asm
                   PCLATU   0x000ffb       data     extern C:\Program Files\Microchip\mplabc18\v3.37\src\traditional\proc\p18F4520.asm
                     PIE1   0x000f9d       data     extern C:\Program Files\Microchip\mplabc18\v3.37\src\traditional\proc\p18F4520.asm
                 PIE1bits   0x000f9d       data     extern C:\Program Files\Microchip\mplabc18\v3.37\src\traditional\proc\p18F4520.asm
                     PIE2   0x000fa0       data     extern C:\Program Files\Microchip\mplabc18\v3.37\src\traditional\proc\p18F4520.asm
                 PIE2bits   0x000fa0       data     extern C:\Program Files\Microchip\mplabc18\v3.37\src\traditional\proc\p18F4520.asm
                     PIR1   0x000f9e       data     extern C:\Program Files\Microchip\mplabc18\v3.37\src\traditional\proc\p18F4520.asm
                 PIR1bits   0x000f9e       data     extern C:\Program Files\Microchip\mplabc18\v3.37\src\traditional\proc\p18F4520.asm
                     PIR2   0x000fa1       data     extern C:\Program Files\Microchip\mplabc18\v3.37\src\traditional\proc\p18F4520.asm
                 PIR2bits   0x000fa1       data     extern C:\Program Files\Microchip\mplabc18\v3.37\src\traditional\proc\p18F4520.asm
                   PLUSW0   0x000feb       data     extern C:\Program Files\Microchip\mplabc18\v3.37\src\traditional\proc\p18F4520.asm
                   PLUSW1   0x000fe3       data     extern C:\Program Files\Microchip\mplabc18\v3.37\src\traditional\proc\p18F4520.asm
                   PLUSW2   0x000fdb       data     extern C:\Program Files\Microchip\mplabc18\v3.37\src\traditional\proc\p18F4520.asm
                    PORTA   0x000f80       data     extern C:\Program Files\Microchip\mplabc18\v3.37\src\traditional\proc\p18F4520.asm
                PORTAbits   0x000f80       data     extern C:\Program Files\Microchip\mplabc18\v3.37\src\traditional\proc\p18F4520.asm
                    PORTB   0x000f81       data     extern C:\Program Files\Microchip\mplabc18\v3.37\src\traditional\proc\p18F4520.asm
                PORTBbits   0x000f81       data     extern C:\Program Files\Microchip\mplabc18\v3.37\src\traditional\proc\p18F4520.asm
                    PORTC   0x000f82       data     extern C:\Program Files\Microchip\mplabc18\v3.37\src\traditional\proc\p18F4520.asm
                PORTCbits   0x000f82       data     extern C:\Program Files\Microchip\mplabc18\v3.37\src\traditional\proc\p18F4520.asm
                    PORTD   0x000f83       data     extern C:\Program Files\Microchip\mplabc18\v3.37\src\traditional\proc\p18F4520.asm
                PORTDbits   0x000f83       data     extern C:\Program Files\Microchip\mplabc18\v3.37\src\traditional\proc\p18F4520.asm
                    PORTE   0x000f84       data     extern C:\Program Files\Microchip\mplabc18\v3.37\src\traditional\proc\p18F4520.asm
                PORTEbits   0x000f84       data     extern C:\Program Files\Microchip\mplabc18\v3.37\src\traditional\proc\p18F4520.asm
                 POSTDEC0   0x000fed       data     extern C:\Program Files\Microchip\mplabc18\v3.37\src\traditional\proc\p18F4520.asm
                 POSTDEC1   0x000fe5       data     extern C:\Program Files\Microchip\mplabc18\v3.37\src\traditional\proc\p18F4520.asm
                 POSTDEC2   0x000fdd       data     extern C:\Program Files\Microchip\mplabc18\v3.37\src\traditional\proc\p18F4520.asm
                 POSTINC0   0x000fee       data     extern C:\Program Files\Microchip\mplabc18\v3.37\src\traditional\proc\p18F4520.asm
                 POSTINC1   0x000fe6       data     extern C:\Program Files\Microchip\mplabc18\v3.37\src\traditional\proc\p18F4520.asm
                 POSTINC2   0x000fde       data     extern C:\Program Files\Microchip\mplabc18\v3.37\src\traditional\proc\p18F4520.asm
                      PR2   0x000fcb       data     extern C:\Program Files\Microchip\mplabc18\v3.37\src\traditional\proc\p18F4520.asm
                  PREINC0   0x000fec       data     extern C:\Program Files\Microchip\mplabc18\v3.37\src\traditional\proc\p18F4520.asm
                  PREINC1   0x000fe4       data     extern C:\Program Files\Microchip\mplabc18\v3.37\src\traditional\proc\p18F4520.asm
                  PREINC2   0x000fdc       data     extern C:\Program Files\Microchip\mplabc18\v3.37\src\traditional\proc\p18F4520.asm
                     PROD   0x000ff3       data     extern C:\Program Files\Microchip\mplabc18\v3.37\src\traditional\proc\p18F4520.asm
                    PRODH   0x000ff4       data     extern C:\Program Files\Microchip\mplabc18\v3.37\src\traditional\proc\p18F4520.asm
                    PRODL   0x000ff3       data     extern C:\Program Files\Microchip\mplabc18\v3.37\src\traditional\proc\p18F4520.asm
                  PWM1CON   0x000fb7       data     extern C:\Program Files\Microchip\mplabc18\v3.37\src\traditional\proc\p18F4520.asm
              PWM1CONbits   0x000fb7       data     extern C:\Program Files\Microchip\mplabc18\v3.37\src\traditional\proc\p18F4520.asm
                     RCON   0x000fd0       data     extern C:\Program Files\Microchip\mplabc18\v3.37\src\traditional\proc\p18F4520.asm
                 RCONbits   0x000fd0       data     extern C:\Program Files\Microchip\mplabc18\v3.37\src\traditional\proc\p18F4520.asm
                    RCREG   0x000fae       data     extern C:\Program Files\Microchip\mplabc18\v3.37\src\traditional\proc\p18F4520.asm
                    RCSTA   0x000fab       data     extern C:\Program Files\Microchip\mplabc18\v3.37\src\traditional\proc\p18F4520.asm
                RCSTAbits   0x000fab       data     extern C:\Program Files\Microchip\mplabc18\v3.37\src\traditional\proc\p18F4520.asm
                     SIGN   0x000009       data     extern C:\Program Files\Microchip\mplabc18\v3.37\src\traditional\math\cmath18.asm
                    SPBRG   0x000faf       data     extern C:\Program Files\Microchip\mplabc18\v3.37\src\traditional\proc\p18F4520.asm
                   SPBRGH   0x000fb0       data     extern C:\Program Files\Microchip\mplabc18\v3.37\src\traditional\proc\p18F4520.asm
                   SSPADD   0x000fc8       data     extern C:\Program Files\Microchip\mplabc18\v3.37\src\traditional\proc\p18F4520.asm
                   SSPBUF   0x000fc9       data     extern C:\Program Files\Microchip\mplabc18\v3.37\src\traditional\proc\p18F4520.asm
                  SSPCON1   0x000fc6       data     extern C:\Program Files\Microchip\mplabc18\v3.37\src\traditional\proc\p18F4520.asm
              SSPCON1bits   0x000fc6       data     extern C:\Program Files\Microchip\mplabc18\v3.37\src\traditional\proc\p18F4520.asm
                  SSPCON2   0x000fc5       data     extern C:\Program Files\Microchip\mplabc18\v3.37\src\traditional\proc\p18F4520.asm
              SSPCON2bits   0x000fc5       data     extern C:\Program Files\Microchip\mplabc18\v3.37\src\traditional\proc\p18F4520.asm
                  SSPSTAT   0x000fc7       data     extern C:\Program Files\Microchip\mplabc18\v3.37\src\traditional\proc\p18F4520.asm
              SSPSTATbits   0x000fc7       data     extern C:\Program Files\Microchip\mplabc18\v3.37\src\traditional\proc\p18F4520.asm
                   STATUS   0x000fd8       data     extern C:\Program Files\Microchip\mplabc18\v3.37\src\traditional\proc\p18F4520.asm
               STATUSbits   0x000fd8       data     extern C:\Program Files\Microchip\mplabc18\v3.37\src\traditional\proc\p18F4520.asm
                   STKPTR   0x000ffc       data     extern C:\Program Files\Microchip\mplabc18\v3.37\src\traditional\proc\p18F4520.asm
               STKPTRbits   0x000ffc       data     extern C:\Program Files\Microchip\mplabc18\v3.37\src\traditional\proc\p18F4520.asm
                    T0CON   0x000fd5       data     extern C:\Program Files\Microchip\mplabc18\v3.37\src\traditional\proc\p18F4520.asm
                T0CONbits   0x000fd5       data     extern C:\Program Files\Microchip\mplabc18\v3.37\src\traditional\proc\p18F4520.asm
                    T1CON   0x000fcd       data     extern C:\Program Files\Microchip\mplabc18\v3.37\src\traditional\proc\p18F4520.asm
                T1CONbits   0x000fcd       data     extern C:\Program Files\Microchip\mplabc18\v3.37\src\traditional\proc\p18F4520.asm
                    T2CON   0x000fca       data     extern C:\Program Files\Microchip\mplabc18\v3.37\src\traditional\proc\p18F4520.asm
                T2CONbits   0x000fca       data     extern C:\Program Files\Microchip\mplabc18\v3.37\src\traditional\proc\p18F4520.asm
                    T3CON   0x000fb1       data     extern C:\Program Files\Microchip\mplabc18\v3.37\src\traditional\proc\p18F4520.asm
                T3CONbits   0x000fb1       data     extern C:\Program Files\Microchip\mplabc18\v3.37\src\traditional\proc\p18F4520.asm
                   TABLAT   0x000ff5       data     extern C:\Program Files\Microchip\mplabc18\v3.37\src\traditional\proc\p18F4520.asm
                   TBLPTR   0x000ff6       data     extern C:\Program Files\Microchip\mplabc18\v3.37\src\traditional\proc\p18F4520.asm
                  TBLPTRH   0x000ff7       data     extern C:\Program Files\Microchip\mplabc18\v3.37\src\traditional\proc\p18F4520.asm
                  TBLPTRL   0x000ff6       data     extern C:\Program Files\Microchip\mplabc18\v3.37\src\traditional\proc\p18F4520.asm
                  TBLPTRU   0x000ff8       data     extern C:\Program Files\Microchip\mplabc18\v3.37\src\traditional\proc\p18F4520.asm
                  TCBtemp   0x0003db       data     extern C:\Documents and Settings\D300-01\Desktop\RTOS\Project\PcControl\src\PIC18\Clock.c
                    TMR0H   0x000fd7       data     extern C:\Program Files\Microchip\mplabc18\v3.37\src\traditional\proc\p18F4520.asm
                    TMR0L   0x000fd6       data     extern C:\Program Files\Microchip\mplabc18\v3.37\src\traditional\proc\p18F4520.asm
                    TMR1H   0x000fcf       data     extern C:\Program Files\Microchip\mplabc18\v3.37\src\traditional\proc\p18F4520.asm
                    TMR1L   0x000fce       data     extern C:\Program Files\Microchip\mplabc18\v3.37\src\traditional\proc\p18F4520.asm
                     TMR2   0x000fcc       data     extern C:\Program Files\Microchip\mplabc18\v3.37\src\traditional\proc\p18F4520.asm
                    TMR3H   0x000fb3       data     extern C:\Program Files\Microchip\mplabc18\v3.37\src\traditional\proc\p18F4520.asm
                    TMR3L   0x000fb2       data     extern C:\Program Files\Microchip\mplabc18\v3.37\src\traditional\proc\p18F4520.asm
                      TOS   0x000ffd       data     extern C:\Program Files\Microchip\mplabc18\v3.37\src\traditional\proc\p18F4520.asm
                     TOSH   0x000ffe       data     extern C:\Program Files\Microchip\mplabc18\v3.37\src\traditional\proc\p18F4520.asm
                     TOSL   0x000ffd       data     extern C:\Program Files\Microchip\mplabc18\v3.37\src\traditional\proc\p18F4520.asm
                     TOSU   0x000fff       data     extern C:\Program Files\Microchip\mplabc18\v3.37\src\traditional\proc\p18F4520.asm
                    TRISA   0x000f92       data     extern C:\Program Files\Microchip\mplabc18\v3.37\src\traditional\proc\p18F4520.asm
                TRISAbits   0x000f92       data     extern C:\Program Files\Microchip\mplabc18\v3.37\src\traditional\proc\p18F4520.asm
                    TRISB   0x000f93       data     extern C:\Program Files\Microchip\mplabc18\v3.37\src\traditional\proc\p18F4520.asm
                TRISBbits   0x000f93       data     extern C:\Program Files\Microchip\mplabc18\v3.37\src\traditional\proc\p18F4520.asm
                    TRISC   0x000f94       data     extern C:\Program Files\Microchip\mplabc18\v3.37\src\traditional\proc\p18F4520.asm
                TRISCbits   0x000f94       data     extern C:\Program Files\Microchip\mplabc18\v3.37\src\traditional\proc\p18F4520.asm
                    TRISD   0x000f95       data     extern C:\Program Files\Microchip\mplabc18\v3.37\src\traditional\proc\p18F4520.asm
                TRISDbits   0x000f95       data     extern C:\Program Files\Microchip\mplabc18\v3.37\src\traditional\proc\p18F4520.asm
                    TRISE   0x000f96       data     extern C:\Program Files\Microchip\mplabc18\v3.37\src\traditional\proc\p18F4520.asm
                TRISEbits   0x000f96       data     extern C:\Program Files\Microchip\mplabc18\v3.37\src\traditional\proc\p18F4520.asm
                    TXREG   0x000fad       data     extern C:\Program Files\Microchip\mplabc18\v3.37\src\traditional\proc\p18F4520.asm
                    TXSTA   0x000fac       data     extern C:\Program Files\Microchip\mplabc18\v3.37\src\traditional\proc\p18F4520.asm
                TXSTAbits   0x000fac       data     extern C:\Program Files\Microchip\mplabc18\v3.37\src\traditional\proc\p18F4520.asm
             USART_Status   0x0003dd       data     extern C:\Program Files\Microchip\mplabc18\v3.37\src\pmc_common\USART\udefs.c
                        W   0x000fe8       data     extern C:\Program Files\Microchip\mplabc18\v3.37\src\traditional\proc\p18F4520.asm
                   WDTCON   0x000fd1       data     extern C:\Program Files\Microchip\mplabc18\v3.37\src\traditional\proc\p18F4520.asm
               WDTCONbits   0x000fd1       data     extern C:\Program Files\Microchip\mplabc18\v3.37\src\traditional\proc\p18F4520.asm
                     WREG   0x000fe8       data     extern C:\Program Files\Microchip\mplabc18\v3.37\src\traditional\proc\p18F4520.asm
                 __AARGB0   0x000007       data     extern C:\Program Files\Microchip\mplabc18\v3.37\src\traditional\math\aarg.asm
                 __AARGB1   0x000006       data     extern C:\Program Files\Microchip\mplabc18\v3.37\src\traditional\math\aarg.asm
                 __AARGB2   0x000005       data     extern C:\Program Files\Microchip\mplabc18\v3.37\src\traditional\math\aarg.asm
                 __AARGB3   0x000004       data     extern C:\Program Files\Microchip\mplabc18\v3.37\src\traditional\math\aarg.asm
                 __AARGB4   0x000003       data     extern C:\Program Files\Microchip\mplabc18\v3.37\src\traditional\math\aarg.asm
                 __AARGB5   0x000002       data     extern C:\Program Files\Microchip\mplabc18\v3.37\src\traditional\math\aarg.asm
                 __AARGB6   0x000001       data     extern C:\Program Files\Microchip\mplabc18\v3.37\src\traditional\math\aarg.asm
                 __AARGB7   0x000000       data     extern C:\Program Files\Microchip\mplabc18\v3.37\src\traditional\math\aarg.asm
                   __AEXP   0x000008       data     extern C:\Program Files\Microchip\mplabc18\v3.37\src\traditional\math\aarg.asm
                __FPFLAGS   0x00000a       data     extern C:\Program Files\Microchip\mplabc18\v3.37\src\traditional\math\cmath18.asm
            __FPFLAGSbits   0x00000a       data     extern C:\Program Files\Microchip\mplabc18\v3.37\src\traditional\math\cmath18.asm
                  __REMB0   0x000003       data     extern C:\Program Files\Microchip\mplabc18\v3.37\src\traditional\math\aarg.asm
                  __REMB1   0x000002       data     extern C:\Program Files\Microchip\mplabc18\v3.37\src\traditional\math\aarg.asm
                  __REMB2   0x000001       data     extern C:\Program Files\Microchip\mplabc18\v3.37\src\traditional\math\aarg.asm
                  __REMB3   0x000000       data     extern C:\Program Files\Microchip\mplabc18\v3.37\src\traditional\math\aarg.asm
                  __tmp_0   0x00000b       data     static C:\Documents and Settings\D300-01\Desktop\RTOS\Project\PcControl\src\PIC18\main.c
                  __tmp_0   0x00000b       data     static C:\Documents and Settings\D300-01\Desktop\RTOS\Project\PcControl\src\PIC18\sevenSegment.c
                  __tmp_0   0x00000b       data     static C:\Documents and Settings\D300-01\Desktop\RTOS\Project\PcControl\src\PIC18\LEDFSM.c
                  __tmp_0   0x00000b       data     static C:\Documents and Settings\D300-01\Desktop\RTOS\Project\PcControl\src\PIC18\Blinky.c
                  __tmp_0   0x00000b       data     static C:\Documents and Settings\D300-01\Desktop\RTOS\Project\PcControl\src\PIC18\PriorityLinked.c
                  __tmp_0   0x00000b       data     static C:\Documents and Settings\D300-01\Desktop\RTOS\Project\PcControl\src\PIC18\PeemptiveOS.c
                  __tmp_1   0x000013       data     static C:\Documents and Settings\D300-01\Desktop\RTOS\Project\PcControl\src\PIC18\Clock.c
                  allTCBs   0x000392       data     extern C:\Documents and Settings\D300-01\Desktop\RTOS\Project\PcControl\src\PIC18\PeemptiveOS.c
                    clock   0x0003cf       data     extern C:\Documents and Settings\D300-01\Desktop\RTOS\Project\PcControl\src\PIC18\Clock.c
                curr_byte   0x0003c8       data     static C:\Program Files\Microchip\mplabc18\v3.37\src\traditional\startup\c018i.c
               curr_entry   0x0003ca       data     static C:\Program Files\Microchip\mplabc18\v3.37\src\traditional\startup\c018i.c
                 data_ptr   0x0003cc       data     static C:\Program Files\Microchip\mplabc18\v3.37\src\traditional\startup\c018i.c
           fileSelectRegH   0x0003d7       data     extern C:\Documents and Settings\D300-01\Desktop\RTOS\Project\PcControl\src\PIC18\Clock.c
           fileSelectRegL   0x0003d8       data     extern C:\Documents and Settings\D300-01\Desktop\RTOS\Project\PcControl\src\PIC18\Clock.c
                  fsrTemp   0x0003d3       data     extern C:\Documents and Settings\D300-01\Desktop\RTOS\Project\PcControl\src\PIC18\Clock.c
                   number   0x0003b4       data     extern C:\Documents and Settings\D300-01\Desktop\RTOS\Project\PcControl\src\PIC18\sevenSegment.c
                     prom   0x0003c5       data     static C:\Program Files\Microchip\mplabc18\v3.37\src\traditional\startup\c018i.c
               readyQueue   0x0003b0       data     extern C:\Documents and Settings\D300-01\Desktop\RTOS\Project\PcControl\src\PIC18\PeemptiveOS.c
               runningTCB   0x000390       data     extern C:\Documents and Settings\D300-01\Desktop\RTOS\Project\PcControl\src\PIC18\PeemptiveOS.c
         stackPointerTemp   0x0003d5       data     extern C:\Documents and Settings\D300-01\Desktop\RTOS\Project\PcControl\src\PIC18\Clock.c
                   stacks   0x000200       data     extern C:\Documents and Settings\D300-01\Desktop\RTOS\Project\PcControl\src\PIC18\PeemptiveOS.c
              topOfStackH   0x0003d9       data     extern C:\Documents and Settings\D300-01\Desktop\RTOS\Project\PcControl\src\PIC18\Clock.c
              topOfStackL   0x0003da       data     extern C:\Documents and Settings\D300-01\Desktop\RTOS\Project\PcControl\src\PIC18\Clock.c



                              Symbols - Sorted by Address
                     Name    Address   Location    Storage File                     
                ---------  ---------  ---------  --------- ---------                
                   _entry   0x000000    program     extern C:\Program Files\Microchip\mplabc18\v3.37\src\traditional\startup\c018i.c
       ___return_lbl00000   0x000004    program     static                          
                   __init   0x000006    program     extern C:\Program Files\Microchip\mplabc18\v3.37\src\traditional\stdclib\__init.c
          highPriorityIsr   0x000008    program     extern C:\Documents and Settings\D300-01\Desktop\RTOS\Project\PcControl\src\PIC18\Clock.c
       ___return_lbl00002   0x00000c    program     static                          
                timer0isr   0x00000e    program     extern C:\Documents and Settings\D300-01\Desktop\RTOS\Project\PcControl\src\PIC18\Clock.c
       ___return_lbl00003   0x0001d6    program     static                          
       isTimer0Overflowed   0x00022c    program     extern C:\Documents and Settings\D300-01\Desktop\RTOS\Project\PcControl\src\PIC18\Clock.c
  clearTimer0OverflowFlag   0x000236    program     extern C:\Documents and Settings\D300-01\Desktop\RTOS\Project\PcControl\src\PIC18\Clock.c
          comparePriority   0x000254    program     extern C:\Documents and Settings\D300-01\Desktop\RTOS\Project\PcControl\src\PIC18\PriorityLinked.c
removeFromHeadPriorityLinkedList   0x0002f6    program     extern C:\Documents and Settings\D300-01\Desktop\RTOS\Project\PcControl\src\PIC18\PriorityLinked.c
    addPriorityLinkedList   0x000394    program     extern C:\Documents and Settings\D300-01\Desktop\RTOS\Project\PcControl\src\PIC18\PriorityLinked.c
               createTask   0x000600    program     extern C:\Documents and Settings\D300-01\Desktop\RTOS\Project\PcControl\src\PIC18\PeemptiveOS.c
initPreemptiveMultitasking   0x00081a    program     extern C:\Documents and Settings\D300-01\Desktop\RTOS\Project\PcControl\src\PIC18\PeemptiveOS.c
                  taskOne   0x000874    program     extern C:\Documents and Settings\D300-01\Desktop\RTOS\Project\PcControl\src\PIC18\PeemptiveOS.c
                  taskTwo   0x0008c2    program     extern C:\Documents and Settings\D300-01\Desktop\RTOS\Project\PcControl\src\PIC18\PeemptiveOS.c
                 startSPI   0x000910    program     extern C:\Documents and Settings\D300-01\Desktop\RTOS\Project\PcControl\src\PIC18\sevenSegment.c
                 closeSPI   0x000932    program     extern C:\Documents and Settings\D300-01\Desktop\RTOS\Project\PcControl\src\PIC18\sevenSegment.c
          sevenSegmentFSM   0x000936    program     extern C:\Documents and Settings\D300-01\Desktop\RTOS\Project\PcControl\src\PIC18\sevenSegment.c
                  LEDInit   0x000b34    program     extern C:\Documents and Settings\D300-01\Desktop\RTOS\Project\PcControl\src\PIC18\LEDFSM.c
                   LEDFSM   0x000b6c    program     extern C:\Documents and Settings\D300-01\Desktop\RTOS\Project\PcControl\src\PIC18\LEDFSM.c
                _do_cinit   0x000d3c    program     extern C:\Program Files\Microchip\mplabc18\v3.37\src\traditional\startup\c018i.c
                     test   0x000d56    program     static                          
                copy_loop   0x000dae    program     static                          
            copy_one_byte   0x000db4    program     static                          
             done_copying   0x000dc2    program     static                          
                     done   0x000dd8    program     static                          
       ___return_lbl00002   0x000dd8    program     static                          
                    delay   0x000dda    program     extern C:\Documents and Settings\D300-01\Desktop\RTOS\Project\PcControl\src\PIC18\Blinky.c
             configureLED   0x000e24    program     extern C:\Documents and Settings\D300-01\Desktop\RTOS\Project\PcControl\src\PIC18\Blinky.c
                    onLED   0x000e28    program     extern C:\Documents and Settings\D300-01\Desktop\RTOS\Project\PcControl\src\PIC18\Blinky.c
                   offLED   0x000e2c    program     extern C:\Documents and Settings\D300-01\Desktop\RTOS\Project\PcControl\src\PIC18\Blinky.c
                     main   0x000e30    program     extern C:\Documents and Settings\D300-01\Desktop\RTOS\Project\PcControl\src\PIC18\main.c
                ReadUSART   0x000e82    program     extern C:\Program Files\Microchip\mplabc18\v3.37\src\pmc_common\USART\uread.c
                 WriteSPI   0x000ec0    program     extern C:\Program Files\Microchip\mplabc18\v3.37\src\pmc_common\SPI\spi_writ.c
               OpenTimer0   0x000efc    program     extern C:\Program Files\Microchip\mplabc18\v3.37\src\pmc_common\Timers\t0open.c
               WriteUSART   0x000f34    program     extern C:\Program Files\Microchip\mplabc18\v3.37\src\pmc_common\USART\uwrite.c
            usartLoopback   0x000f62    program     extern C:\Documents and Settings\D300-01\Desktop\RTOS\Project\PcControl\src\PIC18\Loopback.c
                initClock   0x000f8e    program     extern C:\Documents and Settings\D300-01\Desktop\RTOS\Project\PcControl\src\PIC18\Clock.c
                 getClock   0x000fa8    program     extern C:\Documents and Settings\D300-01\Desktop\RTOS\Project\PcControl\src\PIC18\Clock.c
            __zero_memory   0x000fba    program     extern C:\Program Files\Microchip\mplabc18\v3.37\src\traditional\proc\p18F4520.asm
               zero_block   0x000fc8    program     static C:\Program Files\Microchip\mplabc18\v3.37\src\traditional\proc\p18F4520.asm
                   loop_h   0x000fc8    program     static C:\Program Files\Microchip\mplabc18\v3.37\src\traditional\proc\p18F4520.asm
                compare_l   0x000fd0    program     static C:\Program Files\Microchip\mplabc18\v3.37\src\traditional\proc\p18F4520.asm
                   loop_l   0x000fd2    program     static C:\Program Files\Microchip\mplabc18\v3.37\src\traditional\proc\p18F4520.asm
                 _startup   0x000fda    program     extern C:\Program Files\Microchip\mplabc18\v3.37\src\traditional\startup\c018i.c
                     loop   0x000fea    program     static                          
       ___return_lbl00001   0x000ff4    program     static                          
               __config_0   0x300001    program     static C:\Documents and Settings\D300-01\Desktop\RTOS\Project\PcControl\src\PIC18\main.c
               __config_1   0x300002    program     static C:\Documents and Settings\D300-01\Desktop\RTOS\Project\PcControl\src\PIC18\main.c
               __config_2   0x300003    program     static C:\Documents and Settings\D300-01\Desktop\RTOS\Project\PcControl\src\PIC18\main.c
               __config_3   0x300006    program     static C:\Documents and Settings\D300-01\Desktop\RTOS\Project\PcControl\src\PIC18\main.c
                 __AARGB7   0x000000       data     extern C:\Program Files\Microchip\mplabc18\v3.37\src\traditional\math\aarg.asm
                  __REMB3   0x000000       data     extern C:\Program Files\Microchip\mplabc18\v3.37\src\traditional\math\aarg.asm
                 __AARGB6   0x000001       data     extern C:\Program Files\Microchip\mplabc18\v3.37\src\traditional\math\aarg.asm
                  __REMB2   0x000001       data     extern C:\Program Files\Microchip\mplabc18\v3.37\src\traditional\math\aarg.asm
                 __AARGB5   0x000002       data     extern C:\Program Files\Microchip\mplabc18\v3.37\src\traditional\math\aarg.asm
                  __REMB1   0x000002       data     extern C:\Program Files\Microchip\mplabc18\v3.37\src\traditional\math\aarg.asm
                 __AARGB4   0x000003       data     extern C:\Program Files\Microchip\mplabc18\v3.37\src\traditional\math\aarg.asm
                  __REMB0   0x000003       data     extern C:\Program Files\Microchip\mplabc18\v3.37\src\traditional\math\aarg.asm
                 __AARGB3   0x000004       data     extern C:\Program Files\Microchip\mplabc18\v3.37\src\traditional\math\aarg.asm
                 __AARGB2   0x000005       data     extern C:\Program Files\Microchip\mplabc18\v3.37\src\traditional\math\aarg.asm
                 __AARGB1   0x000006       data     extern C:\Program Files\Microchip\mplabc18\v3.37\src\traditional\math\aarg.asm
                 __AARGB0   0x000007       data     extern C:\Program Files\Microchip\mplabc18\v3.37\src\traditional\math\aarg.asm
                   __AEXP   0x000008       data     extern C:\Program Files\Microchip\mplabc18\v3.37\src\traditional\math\aarg.asm
                     SIGN   0x000009       data     extern C:\Program Files\Microchip\mplabc18\v3.37\src\traditional\math\cmath18.asm
            __FPFLAGSbits   0x00000a       data     extern C:\Program Files\Microchip\mplabc18\v3.37\src\traditional\math\cmath18.asm
                __FPFLAGS   0x00000a       data     extern C:\Program Files\Microchip\mplabc18\v3.37\src\traditional\math\cmath18.asm
                  __tmp_0   0x00000b       data     static C:\Documents and Settings\D300-01\Desktop\RTOS\Project\PcControl\src\PIC18\PeemptiveOS.c
                  __tmp_0   0x00000b       data     static C:\Documents and Settings\D300-01\Desktop\RTOS\Project\PcControl\src\PIC18\main.c
                  __tmp_0   0x00000b       data     static C:\Documents and Settings\D300-01\Desktop\RTOS\Project\PcControl\src\PIC18\sevenSegment.c
                  __tmp_0   0x00000b       data     static C:\Documents and Settings\D300-01\Desktop\RTOS\Project\PcControl\src\PIC18\LEDFSM.c
                  __tmp_0   0x00000b       data     static C:\Documents and Settings\D300-01\Desktop\RTOS\Project\PcControl\src\PIC18\Blinky.c
                  __tmp_0   0x00000b       data     static C:\Documents and Settings\D300-01\Desktop\RTOS\Project\PcControl\src\PIC18\PriorityLinked.c
                  __tmp_1   0x000013       data     static C:\Documents and Settings\D300-01\Desktop\RTOS\Project\PcControl\src\PIC18\Clock.c
                   stacks   0x000200       data     extern C:\Documents and Settings\D300-01\Desktop\RTOS\Project\PcControl\src\PIC18\PeemptiveOS.c
               runningTCB   0x000390       data     extern C:\Documents and Settings\D300-01\Desktop\RTOS\Project\PcControl\src\PIC18\PeemptiveOS.c
                  allTCBs   0x000392       data     extern C:\Documents and Settings\D300-01\Desktop\RTOS\Project\PcControl\src\PIC18\PeemptiveOS.c
               readyQueue   0x0003b0       data     extern C:\Documents and Settings\D300-01\Desktop\RTOS\Project\PcControl\src\PIC18\PeemptiveOS.c
                   number   0x0003b4       data     extern C:\Documents and Settings\D300-01\Desktop\RTOS\Project\PcControl\src\PIC18\sevenSegment.c
                     prom   0x0003c5       data     static C:\Program Files\Microchip\mplabc18\v3.37\src\traditional\startup\c018i.c
                curr_byte   0x0003c8       data     static C:\Program Files\Microchip\mplabc18\v3.37\src\traditional\startup\c018i.c
               curr_entry   0x0003ca       data     static C:\Program Files\Microchip\mplabc18\v3.37\src\traditional\startup\c018i.c
                 data_ptr   0x0003cc       data     static C:\Program Files\Microchip\mplabc18\v3.37\src\traditional\startup\c018i.c
                    clock   0x0003cf       data     extern C:\Documents and Settings\D300-01\Desktop\RTOS\Project\PcControl\src\PIC18\Clock.c
                  fsrTemp   0x0003d3       data     extern C:\Documents and Settings\D300-01\Desktop\RTOS\Project\PcControl\src\PIC18\Clock.c
         stackPointerTemp   0x0003d5       data     extern C:\Documents and Settings\D300-01\Desktop\RTOS\Project\PcControl\src\PIC18\Clock.c
           fileSelectRegH   0x0003d7       data     extern C:\Documents and Settings\D300-01\Desktop\RTOS\Project\PcControl\src\PIC18\Clock.c
           fileSelectRegL   0x0003d8       data     extern C:\Documents and Settings\D300-01\Desktop\RTOS\Project\PcControl\src\PIC18\Clock.c
              topOfStackH   0x0003d9       data     extern C:\Documents and Settings\D300-01\Desktop\RTOS\Project\PcControl\src\PIC18\Clock.c
              topOfStackL   0x0003da       data     extern C:\Documents and Settings\D300-01\Desktop\RTOS\Project\PcControl\src\PIC18\Clock.c
                  TCBtemp   0x0003db       data     extern C:\Documents and Settings\D300-01\Desktop\RTOS\Project\PcControl\src\PIC18\Clock.c
             USART_Status   0x0003dd       data     extern C:\Program Files\Microchip\mplabc18\v3.37\src\pmc_common\USART\udefs.c
                PORTAbits   0x000f80       data     extern C:\Program Files\Microchip\mplabc18\v3.37\src\traditional\proc\p18F4520.asm
                    PORTA   0x000f80       data     extern C:\Program Files\Microchip\mplabc18\v3.37\src\traditional\proc\p18F4520.asm
                PORTBbits   0x000f81       data     extern C:\Program Files\Microchip\mplabc18\v3.37\src\traditional\proc\p18F4520.asm
                    PORTB   0x000f81       data     extern C:\Program Files\Microchip\mplabc18\v3.37\src\traditional\proc\p18F4520.asm
                PORTCbits   0x000f82       data     extern C:\Program Files\Microchip\mplabc18\v3.37\src\traditional\proc\p18F4520.asm
                    PORTC   0x000f82       data     extern C:\Program Files\Microchip\mplabc18\v3.37\src\traditional\proc\p18F4520.asm
                PORTDbits   0x000f83       data     extern C:\Program Files\Microchip\mplabc18\v3.37\src\traditional\proc\p18F4520.asm
                    PORTD   0x000f83       data     extern C:\Program Files\Microchip\mplabc18\v3.37\src\traditional\proc\p18F4520.asm
                PORTEbits   0x000f84       data     extern C:\Program Files\Microchip\mplabc18\v3.37\src\traditional\proc\p18F4520.asm
                    PORTE   0x000f84       data     extern C:\Program Files\Microchip\mplabc18\v3.37\src\traditional\proc\p18F4520.asm
                     LATA   0x000f89       data     extern C:\Program Files\Microchip\mplabc18\v3.37\src\traditional\proc\p18F4520.asm
                 LATAbits   0x000f89       data     extern C:\Program Files\Microchip\mplabc18\v3.37\src\traditional\proc\p18F4520.asm
                     LATB   0x000f8a       data     extern C:\Program Files\Microchip\mplabc18\v3.37\src\traditional\proc\p18F4520.asm
                 LATBbits   0x000f8a       data     extern C:\Program Files\Microchip\mplabc18\v3.37\src\traditional\proc\p18F4520.asm
                     LATC   0x000f8b       data     extern C:\Program Files\Microchip\mplabc18\v3.37\src\traditional\proc\p18F4520.asm
                 LATCbits   0x000f8b       data     extern C:\Program Files\Microchip\mplabc18\v3.37\src\traditional\proc\p18F4520.asm
                 LATDbits   0x000f8c       data     extern C:\Program Files\Microchip\mplabc18\v3.37\src\traditional\proc\p18F4520.asm
                     LATD   0x000f8c       data     extern C:\Program Files\Microchip\mplabc18\v3.37\src\traditional\proc\p18F4520.asm
                 LATEbits   0x000f8d       data     extern C:\Program Files\Microchip\mplabc18\v3.37\src\traditional\proc\p18F4520.asm
                     LATE   0x000f8d       data     extern C:\Program Files\Microchip\mplabc18\v3.37\src\traditional\proc\p18F4520.asm
                 DDRAbits   0x000f92       data     extern C:\Program Files\Microchip\mplabc18\v3.37\src\traditional\proc\p18F4520.asm
                     DDRA   0x000f92       data     extern C:\Program Files\Microchip\mplabc18\v3.37\src\traditional\proc\p18F4520.asm
                TRISAbits   0x000f92       data     extern C:\Program Files\Microchip\mplabc18\v3.37\src\traditional\proc\p18F4520.asm
                    TRISA   0x000f92       data     extern C:\Program Files\Microchip\mplabc18\v3.37\src\traditional\proc\p18F4520.asm
                    TRISB   0x000f93       data     extern C:\Program Files\Microchip\mplabc18\v3.37\src\traditional\proc\p18F4520.asm
                TRISBbits   0x000f93       data     extern C:\Program Files\Microchip\mplabc18\v3.37\src\traditional\proc\p18F4520.asm
                 DDRBbits   0x000f93       data     extern C:\Program Files\Microchip\mplabc18\v3.37\src\traditional\proc\p18F4520.asm
                     DDRB   0x000f93       data     extern C:\Program Files\Microchip\mplabc18\v3.37\src\traditional\proc\p18F4520.asm
                    TRISC   0x000f94       data     extern C:\Program Files\Microchip\mplabc18\v3.37\src\traditional\proc\p18F4520.asm
                TRISCbits   0x000f94       data     extern C:\Program Files\Microchip\mplabc18\v3.37\src\traditional\proc\p18F4520.asm
                 DDRCbits   0x000f94       data     extern C:\Program Files\Microchip\mplabc18\v3.37\src\traditional\proc\p18F4520.asm
                     DDRC   0x000f94       data     extern C:\Program Files\Microchip\mplabc18\v3.37\src\traditional\proc\p18F4520.asm
                 DDRDbits   0x000f95       data     extern C:\Program Files\Microchip\mplabc18\v3.37\src\traditional\proc\p18F4520.asm
                    TRISD   0x000f95       data     extern C:\Program Files\Microchip\mplabc18\v3.37\src\traditional\proc\p18F4520.asm
                TRISDbits   0x000f95       data     extern C:\Program Files\Microchip\mplabc18\v3.37\src\traditional\proc\p18F4520.asm
                     DDRD   0x000f95       data     extern C:\Program Files\Microchip\mplabc18\v3.37\src\traditional\proc\p18F4520.asm
                     DDRE   0x000f96       data     extern C:\Program Files\Microchip\mplabc18\v3.37\src\traditional\proc\p18F4520.asm
                    TRISE   0x000f96       data     extern C:\Program Files\Microchip\mplabc18\v3.37\src\traditional\proc\p18F4520.asm
                TRISEbits   0x000f96       data     extern C:\Program Files\Microchip\mplabc18\v3.37\src\traditional\proc\p18F4520.asm
                 DDREbits   0x000f96       data     extern C:\Program Files\Microchip\mplabc18\v3.37\src\traditional\proc\p18F4520.asm
              OSCTUNEbits   0x000f9b       data     extern C:\Program Files\Microchip\mplabc18\v3.37\src\traditional\proc\p18F4520.asm
                  OSCTUNE   0x000f9b       data     extern C:\Program Files\Microchip\mplabc18\v3.37\src\traditional\proc\p18F4520.asm
                 PIE1bits   0x000f9d       data     extern C:\Program Files\Microchip\mplabc18\v3.37\src\traditional\proc\p18F4520.asm
                     PIE1   0x000f9d       data     extern C:\Program Files\Microchip\mplabc18\v3.37\src\traditional\proc\p18F4520.asm
                     PIR1   0x000f9e       data     extern C:\Program Files\Microchip\mplabc18\v3.37\src\traditional\proc\p18F4520.asm
                 PIR1bits   0x000f9e       data     extern C:\Program Files\Microchip\mplabc18\v3.37\src\traditional\proc\p18F4520.asm
                     IPR1   0x000f9f       data     extern C:\Program Files\Microchip\mplabc18\v3.37\src\traditional\proc\p18F4520.asm
                 IPR1bits   0x000f9f       data     extern C:\Program Files\Microchip\mplabc18\v3.37\src\traditional\proc\p18F4520.asm
                     PIE2   0x000fa0       data     extern C:\Program Files\Microchip\mplabc18\v3.37\src\traditional\proc\p18F4520.asm
                 PIE2bits   0x000fa0       data     extern C:\Program Files\Microchip\mplabc18\v3.37\src\traditional\proc\p18F4520.asm
                     PIR2   0x000fa1       data     extern C:\Program Files\Microchip\mplabc18\v3.37\src\traditional\proc\p18F4520.asm
                 PIR2bits   0x000fa1       data     extern C:\Program Files\Microchip\mplabc18\v3.37\src\traditional\proc\p18F4520.asm
                 IPR2bits   0x000fa2       data     extern C:\Program Files\Microchip\mplabc18\v3.37\src\traditional\proc\p18F4520.asm
                     IPR2   0x000fa2       data     extern C:\Program Files\Microchip\mplabc18\v3.37\src\traditional\proc\p18F4520.asm
               EECON1bits   0x000fa6       data     extern C:\Program Files\Microchip\mplabc18\v3.37\src\traditional\proc\p18F4520.asm
                   EECON1   0x000fa6       data     extern C:\Program Files\Microchip\mplabc18\v3.37\src\traditional\proc\p18F4520.asm
                   EECON2   0x000fa7       data     extern C:\Program Files\Microchip\mplabc18\v3.37\src\traditional\proc\p18F4520.asm
                   EEDATA   0x000fa8       data     extern C:\Program Files\Microchip\mplabc18\v3.37\src\traditional\proc\p18F4520.asm
                    EEADR   0x000fa9       data     extern C:\Program Files\Microchip\mplabc18\v3.37\src\traditional\proc\p18F4520.asm
                RCSTAbits   0x000fab       data     extern C:\Program Files\Microchip\mplabc18\v3.37\src\traditional\proc\p18F4520.asm
                    RCSTA   0x000fab       data     extern C:\Program Files\Microchip\mplabc18\v3.37\src\traditional\proc\p18F4520.asm
                    TXSTA   0x000fac       data     extern C:\Program Files\Microchip\mplabc18\v3.37\src\traditional\proc\p18F4520.asm
                TXSTAbits   0x000fac       data     extern C:\Program Files\Microchip\mplabc18\v3.37\src\traditional\proc\p18F4520.asm
                    TXREG   0x000fad       data     extern C:\Program Files\Microchip\mplabc18\v3.37\src\traditional\proc\p18F4520.asm
                    RCREG   0x000fae       data     extern C:\Program Files\Microchip\mplabc18\v3.37\src\traditional\proc\p18F4520.asm
                    SPBRG   0x000faf       data     extern C:\Program Files\Microchip\mplabc18\v3.37\src\traditional\proc\p18F4520.asm
                   SPBRGH   0x000fb0       data     extern C:\Program Files\Microchip\mplabc18\v3.37\src\traditional\proc\p18F4520.asm
                    T3CON   0x000fb1       data     extern C:\Program Files\Microchip\mplabc18\v3.37\src\traditional\proc\p18F4520.asm
                T3CONbits   0x000fb1       data     extern C:\Program Files\Microchip\mplabc18\v3.37\src\traditional\proc\p18F4520.asm
                    TMR3L   0x000fb2       data     extern C:\Program Files\Microchip\mplabc18\v3.37\src\traditional\proc\p18F4520.asm
                    TMR3H   0x000fb3       data     extern C:\Program Files\Microchip\mplabc18\v3.37\src\traditional\proc\p18F4520.asm
                CMCONbits   0x000fb4       data     extern C:\Program Files\Microchip\mplabc18\v3.37\src\traditional\proc\p18F4520.asm
                    CMCON   0x000fb4       data     extern C:\Program Files\Microchip\mplabc18\v3.37\src\traditional\proc\p18F4520.asm
               CVRCONbits   0x000fb5       data     extern C:\Program Files\Microchip\mplabc18\v3.37\src\traditional\proc\p18F4520.asm
                   CVRCON   0x000fb5       data     extern C:\Program Files\Microchip\mplabc18\v3.37\src\traditional\proc\p18F4520.asm
               ECCPASbits   0x000fb6       data     extern C:\Program Files\Microchip\mplabc18\v3.37\src\traditional\proc\p18F4520.asm
                   ECCPAS   0x000fb6       data     extern C:\Program Files\Microchip\mplabc18\v3.37\src\traditional\proc\p18F4520.asm
              ECCP1ASbits   0x000fb6       data     extern C:\Program Files\Microchip\mplabc18\v3.37\src\traditional\proc\p18F4520.asm
                  ECCP1AS   0x000fb6       data     extern C:\Program Files\Microchip\mplabc18\v3.37\src\traditional\proc\p18F4520.asm
                 ECCP1DEL   0x000fb7       data     extern C:\Program Files\Microchip\mplabc18\v3.37\src\traditional\proc\p18F4520.asm
              PWM1CONbits   0x000fb7       data     extern C:\Program Files\Microchip\mplabc18\v3.37\src\traditional\proc\p18F4520.asm
                  PWM1CON   0x000fb7       data     extern C:\Program Files\Microchip\mplabc18\v3.37\src\traditional\proc\p18F4520.asm
             ECCP1DELbits   0x000fb7       data     extern C:\Program Files\Microchip\mplabc18\v3.37\src\traditional\proc\p18F4520.asm
                  BAUDCON   0x000fb8       data     extern C:\Program Files\Microchip\mplabc18\v3.37\src\traditional\proc\p18F4520.asm
              BAUDCTLbits   0x000fb8       data     extern C:\Program Files\Microchip\mplabc18\v3.37\src\traditional\proc\p18F4520.asm
                  BAUDCTL   0x000fb8       data     extern C:\Program Files\Microchip\mplabc18\v3.37\src\traditional\proc\p18F4520.asm
              BAUDCONbits   0x000fb8       data     extern C:\Program Files\Microchip\mplabc18\v3.37\src\traditional\proc\p18F4520.asm
                  CCP2CON   0x000fba       data     extern C:\Program Files\Microchip\mplabc18\v3.37\src\traditional\proc\p18F4520.asm
              CCP2CONbits   0x000fba       data     extern C:\Program Files\Microchip\mplabc18\v3.37\src\traditional\proc\p18F4520.asm
                    CCPR2   0x000fbb       data     extern C:\Program Files\Microchip\mplabc18\v3.37\src\traditional\proc\p18F4520.asm
                   CCPR2L   0x000fbb       data     extern C:\Program Files\Microchip\mplabc18\v3.37\src\traditional\proc\p18F4520.asm
                   CCPR2H   0x000fbc       data     extern C:\Program Files\Microchip\mplabc18\v3.37\src\traditional\proc\p18F4520.asm
                  CCP1CON   0x000fbd       data     extern C:\Program Files\Microchip\mplabc18\v3.37\src\traditional\proc\p18F4520.asm
              CCP1CONbits   0x000fbd       data     extern C:\Program Files\Microchip\mplabc18\v3.37\src\traditional\proc\p18F4520.asm
                    CCPR1   0x000fbe       data     extern C:\Program Files\Microchip\mplabc18\v3.37\src\traditional\proc\p18F4520.asm
                   CCPR1L   0x000fbe       data     extern C:\Program Files\Microchip\mplabc18\v3.37\src\traditional\proc\p18F4520.asm
                   CCPR1H   0x000fbf       data     extern C:\Program Files\Microchip\mplabc18\v3.37\src\traditional\proc\p18F4520.asm
               ADCON2bits   0x000fc0       data     extern C:\Program Files\Microchip\mplabc18\v3.37\src\traditional\proc\p18F4520.asm
                   ADCON2   0x000fc0       data     extern C:\Program Files\Microchip\mplabc18\v3.37\src\traditional\proc\p18F4520.asm
               ADCON1bits   0x000fc1       data     extern C:\Program Files\Microchip\mplabc18\v3.37\src\traditional\proc\p18F4520.asm
                   ADCON1   0x000fc1       data     extern C:\Program Files\Microchip\mplabc18\v3.37\src\traditional\proc\p18F4520.asm
                   ADCON0   0x000fc2       data     extern C:\Program Files\Microchip\mplabc18\v3.37\src\traditional\proc\p18F4520.asm
               ADCON0bits   0x000fc2       data     extern C:\Program Files\Microchip\mplabc18\v3.37\src\traditional\proc\p18F4520.asm
                    ADRES   0x000fc3       data     extern C:\Program Files\Microchip\mplabc18\v3.37\src\traditional\proc\p18F4520.asm
                   ADRESL   0x000fc3       data     extern C:\Program Files\Microchip\mplabc18\v3.37\src\traditional\proc\p18F4520.asm
                   ADRESH   0x000fc4       data     extern C:\Program Files\Microchip\mplabc18\v3.37\src\traditional\proc\p18F4520.asm
                  SSPCON2   0x000fc5       data     extern C:\Program Files\Microchip\mplabc18\v3.37\src\traditional\proc\p18F4520.asm
              SSPCON2bits   0x000fc5       data     extern C:\Program Files\Microchip\mplabc18\v3.37\src\traditional\proc\p18F4520.asm
              SSPCON1bits   0x000fc6       data     extern C:\Program Files\Microchip\mplabc18\v3.37\src\traditional\proc\p18F4520.asm
                  SSPCON1   0x000fc6       data     extern C:\Program Files\Microchip\mplabc18\v3.37\src\traditional\proc\p18F4520.asm
                  SSPSTAT   0x000fc7       data     extern C:\Program Files\Microchip\mplabc18\v3.37\src\traditional\proc\p18F4520.asm
              SSPSTATbits   0x000fc7       data     extern C:\Program Files\Microchip\mplabc18\v3.37\src\traditional\proc\p18F4520.asm
                   SSPADD   0x000fc8       data     extern C:\Program Files\Microchip\mplabc18\v3.37\src\traditional\proc\p18F4520.asm
                   SSPBUF   0x000fc9       data     extern C:\Program Files\Microchip\mplabc18\v3.37\src\traditional\proc\p18F4520.asm
                    T2CON   0x000fca       data     extern C:\Program Files\Microchip\mplabc18\v3.37\src\traditional\proc\p18F4520.asm
                T2CONbits   0x000fca       data     extern C:\Program Files\Microchip\mplabc18\v3.37\src\traditional\proc\p18F4520.asm
                      PR2   0x000fcb       data     extern C:\Program Files\Microchip\mplabc18\v3.37\src\traditional\proc\p18F4520.asm
                     TMR2   0x000fcc       data     extern C:\Program Files\Microchip\mplabc18\v3.37\src\traditional\proc\p18F4520.asm
                    T1CON   0x000fcd       data     extern C:\Program Files\Microchip\mplabc18\v3.37\src\traditional\proc\p18F4520.asm
                T1CONbits   0x000fcd       data     extern C:\Program Files\Microchip\mplabc18\v3.37\src\traditional\proc\p18F4520.asm
                    TMR1L   0x000fce       data     extern C:\Program Files\Microchip\mplabc18\v3.37\src\traditional\proc\p18F4520.asm
                    TMR1H   0x000fcf       data     extern C:\Program Files\Microchip\mplabc18\v3.37\src\traditional\proc\p18F4520.asm
                 RCONbits   0x000fd0       data     extern C:\Program Files\Microchip\mplabc18\v3.37\src\traditional\proc\p18F4520.asm
                     RCON   0x000fd0       data     extern C:\Program Files\Microchip\mplabc18\v3.37\src\traditional\proc\p18F4520.asm
                   WDTCON   0x000fd1       data     extern C:\Program Files\Microchip\mplabc18\v3.37\src\traditional\proc\p18F4520.asm
               WDTCONbits   0x000fd1       data     extern C:\Program Files\Microchip\mplabc18\v3.37\src\traditional\proc\p18F4520.asm
                  HLVDCON   0x000fd2       data     extern C:\Program Files\Microchip\mplabc18\v3.37\src\traditional\proc\p18F4520.asm
              HLVDCONbits   0x000fd2       data     extern C:\Program Files\Microchip\mplabc18\v3.37\src\traditional\proc\p18F4520.asm
                   LVDCON   0x000fd2       data     extern C:\Program Files\Microchip\mplabc18\v3.37\src\traditional\proc\p18F4520.asm
               LVDCONbits   0x000fd2       data     extern C:\Program Files\Microchip\mplabc18\v3.37\src\traditional\proc\p18F4520.asm
                   OSCCON   0x000fd3       data     extern C:\Program Files\Microchip\mplabc18\v3.37\src\traditional\proc\p18F4520.asm
               OSCCONbits   0x000fd3       data     extern C:\Program Files\Microchip\mplabc18\v3.37\src\traditional\proc\p18F4520.asm
                    T0CON   0x000fd5       data     extern C:\Program Files\Microchip\mplabc18\v3.37\src\traditional\proc\p18F4520.asm
                T0CONbits   0x000fd5       data     extern C:\Program Files\Microchip\mplabc18\v3.37\src\traditional\proc\p18F4520.asm
                    TMR0L   0x000fd6       data     extern C:\Program Files\Microchip\mplabc18\v3.37\src\traditional\proc\p18F4520.asm
                    TMR0H   0x000fd7       data     extern C:\Program Files\Microchip\mplabc18\v3.37\src\traditional\proc\p18F4520.asm
                   STATUS   0x000fd8       data     extern C:\Program Files\Microchip\mplabc18\v3.37\src\traditional\proc\p18F4520.asm
               STATUSbits   0x000fd8       data     extern C:\Program Files\Microchip\mplabc18\v3.37\src\traditional\proc\p18F4520.asm
                     FSR2   0x000fd9       data     extern C:\Program Files\Microchip\mplabc18\v3.37\src\traditional\proc\p18F4520.asm
                    FSR2L   0x000fd9       data     extern C:\Program Files\Microchip\mplabc18\v3.37\src\traditional\proc\p18F4520.asm
                    FSR2H   0x000fda       data     extern C:\Program Files\Microchip\mplabc18\v3.37\src\traditional\proc\p18F4520.asm
                   PLUSW2   0x000fdb       data     extern C:\Program Files\Microchip\mplabc18\v3.37\src\traditional\proc\p18F4520.asm
                  PREINC2   0x000fdc       data     extern C:\Program Files\Microchip\mplabc18\v3.37\src\traditional\proc\p18F4520.asm
                 POSTDEC2   0x000fdd       data     extern C:\Program Files\Microchip\mplabc18\v3.37\src\traditional\proc\p18F4520.asm
                 POSTINC2   0x000fde       data     extern C:\Program Files\Microchip\mplabc18\v3.37\src\traditional\proc\p18F4520.asm
                    INDF2   0x000fdf       data     extern C:\Program Files\Microchip\mplabc18\v3.37\src\traditional\proc\p18F4520.asm
                      BSR   0x000fe0       data     extern C:\Program Files\Microchip\mplabc18\v3.37\src\traditional\proc\p18F4520.asm
                    FSR1L   0x000fe1       data     extern C:\Program Files\Microchip\mplabc18\v3.37\src\traditional\proc\p18F4520.asm
                     FSR1   0x000fe1       data     extern C:\Program Files\Microchip\mplabc18\v3.37\src\traditional\proc\p18F4520.asm
                    FSR1H   0x000fe2       data     extern C:\Program Files\Microchip\mplabc18\v3.37\src\traditional\proc\p18F4520.asm
                   PLUSW1   0x000fe3       data     extern C:\Program Files\Microchip\mplabc18\v3.37\src\traditional\proc\p18F4520.asm
                  PREINC1   0x000fe4       data     extern C:\Program Files\Microchip\mplabc18\v3.37\src\traditional\proc\p18F4520.asm
                 POSTDEC1   0x000fe5       data     extern C:\Program Files\Microchip\mplabc18\v3.37\src\traditional\proc\p18F4520.asm
                 POSTINC1   0x000fe6       data     extern C:\Program Files\Microchip\mplabc18\v3.37\src\traditional\proc\p18F4520.asm
                    INDF1   0x000fe7       data     extern C:\Program Files\Microchip\mplabc18\v3.37\src\traditional\proc\p18F4520.asm
                        W   0x000fe8       data     extern C:\Program Files\Microchip\mplabc18\v3.37\src\traditional\proc\p18F4520.asm
                     WREG   0x000fe8       data     extern C:\Program Files\Microchip\mplabc18\v3.37\src\traditional\proc\p18F4520.asm
                    FSR0L   0x000fe9       data     extern C:\Program Files\Microchip\mplabc18\v3.37\src\traditional\proc\p18F4520.asm
                     FSR0   0x000fe9       data     extern C:\Program Files\Microchip\mplabc18\v3.37\src\traditional\proc\p18F4520.asm
                    FSR0H   0x000fea       data     extern C:\Program Files\Microchip\mplabc18\v3.37\src\traditional\proc\p18F4520.asm
                   PLUSW0   0x000feb       data     extern C:\Program Files\Microchip\mplabc18\v3.37\src\traditional\proc\p18F4520.asm
                  PREINC0   0x000fec       data     extern C:\Program Files\Microchip\mplabc18\v3.37\src\traditional\proc\p18F4520.asm
                 POSTDEC0   0x000fed       data     extern C:\Program Files\Microchip\mplabc18\v3.37\src\traditional\proc\p18F4520.asm
                 POSTINC0   0x000fee       data     extern C:\Program Files\Microchip\mplabc18\v3.37\src\traditional\proc\p18F4520.asm
                    INDF0   0x000fef       data     extern C:\Program Files\Microchip\mplabc18\v3.37\src\traditional\proc\p18F4520.asm
              INTCON3bits   0x000ff0       data     extern C:\Program Files\Microchip\mplabc18\v3.37\src\traditional\proc\p18F4520.asm
                  INTCON3   0x000ff0       data     extern C:\Program Files\Microchip\mplabc18\v3.37\src\traditional\proc\p18F4520.asm
              INTCON2bits   0x000ff1       data     extern C:\Program Files\Microchip\mplabc18\v3.37\src\traditional\proc\p18F4520.asm
                  INTCON2   0x000ff1       data     extern C:\Program Files\Microchip\mplabc18\v3.37\src\traditional\proc\p18F4520.asm
               INTCONbits   0x000ff2       data     extern C:\Program Files\Microchip\mplabc18\v3.37\src\traditional\proc\p18F4520.asm
                   INTCON   0x000ff2       data     extern C:\Program Files\Microchip\mplabc18\v3.37\src\traditional\proc\p18F4520.asm
                     PROD   0x000ff3       data     extern C:\Program Files\Microchip\mplabc18\v3.37\src\traditional\proc\p18F4520.asm
                    PRODL   0x000ff3       data     extern C:\Program Files\Microchip\mplabc18\v3.37\src\traditional\proc\p18F4520.asm
                    PRODH   0x000ff4       data     extern C:\Program Files\Microchip\mplabc18\v3.37\src\traditional\proc\p18F4520.asm
                   TABLAT   0x000ff5       data     extern C:\Program Files\Microchip\mplabc18\v3.37\src\traditional\proc\p18F4520.asm
                   TBLPTR   0x000ff6       data     extern C:\Program Files\Microchip\mplabc18\v3.37\src\traditional\proc\p18F4520.asm
                  TBLPTRL   0x000ff6       data     extern C:\Program Files\Microchip\mplabc18\v3.37\src\traditional\proc\p18F4520.asm
                  TBLPTRH   0x000ff7       data     extern C:\Program Files\Microchip\mplabc18\v3.37\src\traditional\proc\p18F4520.asm
                  TBLPTRU   0x000ff8       data     extern C:\Program Files\Microchip\mplabc18\v3.37\src\traditional\proc\p18F4520.asm
                       PC   0x000ff9       data     extern C:\Program Files\Microchip\mplabc18\v3.37\src\traditional\proc\p18F4520.asm
                      PCL   0x000ff9       data     extern C:\Program Files\Microchip\mplabc18\v3.37\src\traditional\proc\p18F4520.asm
                   PCLATH   0x000ffa       data     extern C:\Program Files\Microchip\mplabc18\v3.37\src\traditional\proc\p18F4520.asm
                   PCLATU   0x000ffb       data     extern C:\Program Files\Microchip\mplabc18\v3.37\src\traditional\proc\p18F4520.asm
                   STKPTR   0x000ffc       data     extern C:\Program Files\Microchip\mplabc18\v3.37\src\traditional\proc\p18F4520.asm
               STKPTRbits   0x000ffc       data     extern C:\Program Files\Microchip\mplabc18\v3.37\src\traditional\proc\p18F4520.asm
                     TOSL   0x000ffd       data     extern C:\Program Files\Microchip\mplabc18\v3.37\src\traditional\proc\p18F4520.asm
                      TOS   0x000ffd       data     extern C:\Program Files\Microchip\mplabc18\v3.37\src\traditional\proc\p18F4520.asm
                     TOSH   0x000ffe       data     extern C:\Program Files\Microchip\mplabc18\v3.37\src\traditional\proc\p18F4520.asm
                     TOSU   0x000fff       data     extern C:\Program Files\Microchip\mplabc18\v3.37\src\traditional\proc\p18F4520.asm


